--------------------------------------------------------------------------------
Release 14.6 Trace  (nt64)
Copyright (c) 1995-2013 Xilinx, Inc.  All rights reserved.

D:\ProgramFiles\Xilinx\14.6\ISE_DS\ISE\bin\nt64\unwrapped\trce.exe -intstyle
ise -v 3 -s 3 -n 3 -fastpaths -xml labkit.twx labkit.ncd -o labkit.twr
labkit.pcf

Design file:              labkit.ncd
Physical constraint file: labkit.pcf
Device,package,speed:     xc6slx16,csg324,C,-3 (PRODUCTION 1.23 2013-06-08)
Report level:             verbose report

Environment Variable      Effect 
--------------------      ------ 
NONE                      No environment variables were set
--------------------------------------------------------------------------------

INFO:Timing:2698 - No timing constraints found, doing default enumeration.
INFO:Timing:3412 - To improve timing, see the Timing Closure User Guide (UG612).
INFO:Timing:2752 - To get complete path coverage, use the unconstrained paths 
   option. All paths that are not constrained will be reported in the 
   unconstrained paths section(s) of the report.
INFO:Timing:3339 - The clock-to-out numbers in this timing report are based on 
   a 50 Ohm transmission line loading model.  For the details of this model, 
   and for more information on accounting for different loading conditions, 
   please see the device datasheet.



Data Sheet report:
-----------------
All values displayed in nanoseconds (ns)

Setup/Hold to clock clk_100mhz
------------+------------+------------+------------+------------+------------------+--------+
            |Max Setup to|  Process   |Max Hold to |  Process   |                  | Clock  |
Source      | clk (edge) |   Corner   | clk (edge) |   Corner   |Internal Clock(s) | Phase  |
------------+------------+------------+------------+------------+------------------+--------+
btn_down    |    4.824(R)|      SLOW  |   -1.446(R)|      FAST  |clk_65mhz_BUFG    |   0.000|
btn_enter   |    6.503(R)|      SLOW  |   -2.449(R)|      FAST  |clk_65mhz_BUFG    |   0.000|
btn_up      |    5.244(R)|      SLOW  |   -1.758(R)|      FAST  |clk_65mhz_BUFG    |   0.000|
switch<0>   |    4.167(R)|      SLOW  |   -1.339(R)|      FAST  |clk_65mhz_BUFG    |   0.000|
switch<1>   |    3.825(R)|      SLOW  |   -1.519(R)|      FAST  |clk_65mhz_BUFG    |   0.000|
switch<4>   |    5.964(R)|      SLOW  |   -2.232(R)|      FAST  |clk_65mhz_BUFG    |   0.000|
switch<5>   |    5.534(R)|      SLOW  |   -1.876(R)|      FAST  |clk_65mhz_BUFG    |   0.000|
switch<6>   |    7.311(R)|      SLOW  |   -2.778(R)|      FAST  |clk_65mhz_BUFG    |   0.000|
switch<7>   |    7.642(R)|      SLOW  |   -2.985(R)|      FAST  |clk_65mhz_BUFG    |   0.000|
------------+------------+------------+------------+------------+------------------+--------+

Clock clk_100mhz to Pad
------------+-----------------+------------+-----------------+------------+------------------+--------+
            |Max (slowest) clk|  Process   |Min (fastest) clk|  Process   |                  | Clock  |
Destination |  (edge) to PAD  |   Corner   |  (edge) to PAD  |   Corner   |Internal Clock(s) | Phase  |
------------+-----------------+------------+-----------------+------------+------------------+--------+
dig<0>      |         5.566(R)|      SLOW  |         3.589(R)|      FAST  |clk_65mhz_BUFG    |   0.000|
dig<1>      |         5.516(R)|      SLOW  |         3.575(R)|      FAST  |clk_65mhz_BUFG    |   0.000|
dig<2>      |         5.911(R)|      SLOW  |         3.809(R)|      FAST  |clk_65mhz_BUFG    |   0.000|
dig<3>      |         5.714(R)|      SLOW  |         3.686(R)|      FAST  |clk_65mhz_BUFG    |   0.000|
hsync       |         6.652(R)|      SLOW  |         4.328(R)|      FAST  |clk_65mhz_BUFG    |   0.000|
seg<0>      |         5.768(R)|      SLOW  |         3.755(R)|      FAST  |clk_65mhz_BUFG    |   0.000|
seg<1>      |         5.919(R)|      SLOW  |         3.845(R)|      FAST  |clk_65mhz_BUFG    |   0.000|
seg<2>      |         5.871(R)|      SLOW  |         3.779(R)|      FAST  |clk_65mhz_BUFG    |   0.000|
seg<3>      |         6.109(R)|      SLOW  |         3.992(R)|      FAST  |clk_65mhz_BUFG    |   0.000|
seg<4>      |         5.923(R)|      SLOW  |         3.818(R)|      FAST  |clk_65mhz_BUFG    |   0.000|
seg<5>      |         5.867(R)|      SLOW  |         3.782(R)|      FAST  |clk_65mhz_BUFG    |   0.000|
seg<6>      |         5.970(R)|      SLOW  |         3.845(R)|      FAST  |clk_65mhz_BUFG    |   0.000|
vgablue<1>  |         7.770(R)|      SLOW  |         4.901(R)|      FAST  |clk_65mhz_BUFG    |   0.000|
vgablue<2>  |         7.609(R)|      SLOW  |         4.804(R)|      FAST  |clk_65mhz_BUFG    |   0.000|
vgagreen<0> |         7.448(R)|      SLOW  |         4.759(R)|      FAST  |clk_65mhz_BUFG    |   0.000|
vgagreen<1> |         7.477(R)|      SLOW  |         4.785(R)|      FAST  |clk_65mhz_BUFG    |   0.000|
vgagreen<2> |         7.329(R)|      SLOW  |         4.704(R)|      FAST  |clk_65mhz_BUFG    |   0.000|
vgared<0>   |         8.764(R)|      SLOW  |         5.178(R)|      FAST  |clk_65mhz_BUFG    |   0.000|
vgared<1>   |         8.931(R)|      SLOW  |         5.307(R)|      FAST  |clk_65mhz_BUFG    |   0.000|
vgared<2>   |         8.921(R)|      SLOW  |         5.259(R)|      FAST  |clk_65mhz_BUFG    |   0.000|
vsync       |         6.400(R)|      SLOW  |         4.145(R)|      FAST  |clk_65mhz_BUFG    |   0.000|
------------+-----------------+------------+-----------------+------------+------------------+--------+

Clock to Setup on destination clock clk_100mhz
---------------+---------+---------+---------+---------+
               | Src:Rise| Src:Fall| Src:Rise| Src:Fall|
Source Clock   |Dest:Rise|Dest:Rise|Dest:Fall|Dest:Fall|
---------------+---------+---------+---------+---------+
clk_100mhz     |  222.409|         |         |         |
---------------+---------+---------+---------+---------+

Pad to Pad
---------------+---------------+---------+
Source Pad     |Destination Pad|  Delay  |
---------------+---------------+---------+
switch<0>      |led<0>         |    7.625|
switch<1>      |led<1>         |    7.710|
switch<2>      |led<2>         |    7.352|
switch<3>      |led<3>         |    7.338|
switch<4>      |led<4>         |    7.021|
switch<5>      |led<5>         |    6.940|
switch<6>      |led<6>         |    7.009|
switch<7>      |led<7>         |    7.506|
---------------+---------------+---------+


Analysis completed Wed Nov 07 11:12:46 2018 
--------------------------------------------------------------------------------

Trace Settings:
-------------------------
Trace Settings 

Peak Memory Usage: 4577 MB



